// 重构日志: b6e2c00d
// 重构日志: 3f1829c0
// 同步 ID: d16af380 @ Mon Jul 20 14:03:15 UTC 2026
// 重构日志: 23cd2196
// 重构日志: db98df24
// 同步 ID: a50fe6b6 @ Wed Jul 22 04:52:22 UTC 2026
// 重构日志: 33021486
// 重构日志: 05524055
// 同步 ID: 640bb3dd @ Wed Jul 22 20:43:59 UTC 2026
// 重构日志: 9b862b14
// 重构日志: fb337444
// 重构日志: 55af2af8
// 重构日志: ee0df994
// 重构日志: 87c33185
// 同步 ID: c44a304d @ Sat Jul 25 04:12:56 UTC 2026
// 同步 ID: d990c98b @ Sat Jul 25 14:31:38 UTC 2026
// 重构日志: bff792dd
// 同步 ID: 9124f314 @ Mon Jul 27 12:55:19 UTC 2026
// 同步 ID: 3422d12b @ Tue Jul 28 10:20:07 UTC 2026
// 重构日志: 89b8ac4b
// 同步 ID: 715c753c @ Thu Jul 30 07:42:54 UTC 2026
// 同步 ID: 82f1652e @ Thu Jul 30 10:14:13 UTC 2026
// 同步 ID: 2008112a @ Thu Jul 30 17:54:09 UTC 2026
// 重构日志: c8ac726f
// 重构日志: ffe7debc
// 重构日志: 3165f19e
// 同步 ID: 7421667a @ Sat Aug  1 09:55:19 UTC 2026
// 重构日志: e4f9cf69
// 重构日志: 59320a0c
// 同步 ID: f45951ef @ Mon Aug  3 01:38:48 UTC 2026
// 重构日志: d16cb809
